------------------------------------------------------------
Timing Analyzer Summary
------------------------------------------------------------

Type  : Slow 1100mV 85C Model Setup 'clk'
Slack : -2.460
TNS   : -2.460

Type  : Slow 1100mV 85C Model Setup 'dff_gen_label[16].dff_inst'
Slack : -1.866
TNS   : -1.866

Type  : Slow 1100mV 85C Model Setup 'dff_gen_label[6].dff_inst'
Slack : -1.839
TNS   : -1.839

Type  : Slow 1100mV 85C Model Setup 'dff_gen_label[8].dff_inst'
Slack : -1.731
TNS   : -1.731

Type  : Slow 1100mV 85C Model Setup 'dff_gen_label[20].dff_inst'
Slack : -1.724
TNS   : -1.724

Type  : Slow 1100mV 85C Model Setup 'dff_gen_label[14].dff_inst'
Slack : -1.714
TNS   : -1.714

Type  : Slow 1100mV 85C Model Setup 'dff_gen_label[4].dff_inst'
Slack : -1.710
TNS   : -1.710

Type  : Slow 1100mV 85C Model Setup 'dff_gen_label[2].dff_inst'
Slack : -1.707
TNS   : -1.707

Type  : Slow 1100mV 85C Model Setup 'dff_gen_label[26].dff_inst'
Slack : -1.694
TNS   : -1.694

Type  : Slow 1100mV 85C Model Setup 'dff_gen_label[23].dff_inst'
Slack : -1.675
TNS   : -1.675

Type  : Slow 1100mV 85C Model Setup 'dff_gen_label[12].dff_inst'
Slack : -1.667
TNS   : -1.667

Type  : Slow 1100mV 85C Model Setup 'dff_gen_label[22].dff_inst'
Slack : -1.633
TNS   : -1.633

Type  : Slow 1100mV 85C Model Setup 'dff_gen_label[1].dff_inst'
Slack : -1.620
TNS   : -1.620

Type  : Slow 1100mV 85C Model Setup 'dff_gen_label[10].dff_inst'
Slack : -1.614
TNS   : -1.614

Type  : Slow 1100mV 85C Model Setup 'dff_gen_label[18].dff_inst'
Slack : -1.563
TNS   : -1.563

Type  : Slow 1100mV 85C Model Setup 'dff_gen_label[19].dff_inst'
Slack : -1.529
TNS   : -1.529

Type  : Slow 1100mV 85C Model Setup 'dff_gen_label[17].dff_inst'
Slack : -1.526
TNS   : -1.526

Type  : Slow 1100mV 85C Model Setup 'dff_gen_label[24].dff_inst'
Slack : -1.515
TNS   : -1.515

Type  : Slow 1100mV 85C Model Setup 'dff_gen_label[21].dff_inst'
Slack : -1.506
TNS   : -1.506

Type  : Slow 1100mV 85C Model Setup 'dff_inst0'
Slack : -1.490
TNS   : -1.490

Type  : Slow 1100mV 85C Model Setup 'dff_gen_label[11].dff_inst'
Slack : -1.489
TNS   : -1.489

Type  : Slow 1100mV 85C Model Setup 'dff_gen_label[25].dff_inst'
Slack : -1.476
TNS   : -1.476

Type  : Slow 1100mV 85C Model Setup 'dff_gen_label[13].dff_inst'
Slack : -1.473
TNS   : -1.473

Type  : Slow 1100mV 85C Model Setup 'dff_gen_label[9].dff_inst'
Slack : -1.457
TNS   : -1.457

Type  : Slow 1100mV 85C Model Setup 'dff_gen_label[3].dff_inst'
Slack : -1.450
TNS   : -1.450

Type  : Slow 1100mV 85C Model Setup 'dff_gen_label[15].dff_inst'
Slack : -1.447
TNS   : -1.447

Type  : Slow 1100mV 85C Model Setup 'dff_gen_label[5].dff_inst'
Slack : -1.406
TNS   : -1.406

Type  : Slow 1100mV 85C Model Setup 'dff_gen_label[7].dff_inst'
Slack : -1.379
TNS   : -1.379

Type  : Slow 1100mV 85C Model Setup 'dff_gen_label[27].dff_inst'
Slack : -1.077
TNS   : -6.793

Type  : Slow 1100mV 85C Model Hold 'dff_gen_label[27].dff_inst'
Slack : 0.392
TNS   : 0.000

Type  : Slow 1100mV 85C Model Hold 'dff_gen_label[9].dff_inst'
Slack : 0.461
TNS   : 0.000

Type  : Slow 1100mV 85C Model Hold 'dff_gen_label[24].dff_inst'
Slack : 0.462
TNS   : 0.000

Type  : Slow 1100mV 85C Model Hold 'dff_gen_label[7].dff_inst'
Slack : 0.463
TNS   : 0.000

Type  : Slow 1100mV 85C Model Hold 'dff_gen_label[11].dff_inst'
Slack : 0.492
TNS   : 0.000

Type  : Slow 1100mV 85C Model Hold 'dff_gen_label[5].dff_inst'
Slack : 0.494
TNS   : 0.000

Type  : Slow 1100mV 85C Model Hold 'dff_gen_label[15].dff_inst'
Slack : 0.515
TNS   : 0.000

Type  : Slow 1100mV 85C Model Hold 'dff_gen_label[21].dff_inst'
Slack : 0.537
TNS   : 0.000

Type  : Slow 1100mV 85C Model Hold 'dff_gen_label[3].dff_inst'
Slack : 0.540
TNS   : 0.000

Type  : Slow 1100mV 85C Model Hold 'dff_gen_label[13].dff_inst'
Slack : 0.544
TNS   : 0.000

Type  : Slow 1100mV 85C Model Hold 'dff_inst0'
Slack : 0.551
TNS   : 0.000

Type  : Slow 1100mV 85C Model Hold 'dff_gen_label[17].dff_inst'
Slack : 0.552
TNS   : 0.000

Type  : Slow 1100mV 85C Model Hold 'dff_gen_label[10].dff_inst'
Slack : 0.557
TNS   : 0.000

Type  : Slow 1100mV 85C Model Hold 'dff_gen_label[19].dff_inst'
Slack : 0.558
TNS   : 0.000

Type  : Slow 1100mV 85C Model Hold 'dff_gen_label[25].dff_inst'
Slack : 0.566
TNS   : 0.000

Type  : Slow 1100mV 85C Model Hold 'dff_gen_label[2].dff_inst'
Slack : 0.602
TNS   : 0.000

Type  : Slow 1100mV 85C Model Hold 'dff_gen_label[12].dff_inst'
Slack : 0.608
TNS   : 0.000

Type  : Slow 1100mV 85C Model Hold 'dff_gen_label[26].dff_inst'
Slack : 0.627
TNS   : 0.000

Type  : Slow 1100mV 85C Model Hold 'dff_gen_label[1].dff_inst'
Slack : 0.630
TNS   : 0.000

Type  : Slow 1100mV 85C Model Hold 'dff_gen_label[14].dff_inst'
Slack : 0.633
TNS   : 0.000

Type  : Slow 1100mV 85C Model Hold 'dff_gen_label[8].dff_inst'
Slack : 0.635
TNS   : 0.000

Type  : Slow 1100mV 85C Model Hold 'dff_gen_label[23].dff_inst'
Slack : 0.645
TNS   : 0.000

Type  : Slow 1100mV 85C Model Hold 'dff_gen_label[22].dff_inst'
Slack : 0.647
TNS   : 0.000

Type  : Slow 1100mV 85C Model Hold 'dff_gen_label[18].dff_inst'
Slack : 0.662
TNS   : 0.000

Type  : Slow 1100mV 85C Model Hold 'dff_gen_label[6].dff_inst'
Slack : 0.668
TNS   : 0.000

Type  : Slow 1100mV 85C Model Hold 'dff_gen_label[20].dff_inst'
Slack : 0.671
TNS   : 0.000

Type  : Slow 1100mV 85C Model Hold 'dff_gen_label[4].dff_inst'
Slack : 0.717
TNS   : 0.000

Type  : Slow 1100mV 85C Model Hold 'dff_gen_label[16].dff_inst'
Slack : 0.771
TNS   : 0.000

Type  : Slow 1100mV 85C Model Hold 'clk'
Slack : 0.882
TNS   : 0.000

Type  : Slow 1100mV 85C Model Minimum Pulse Width 'clk'
Slack : -0.424
TNS   : -0.818

Type  : Slow 1100mV 85C Model Minimum Pulse Width 'dff_gen_label[27].dff_inst'
Slack : -0.394
TNS   : -4.087

Type  : Slow 1100mV 85C Model Minimum Pulse Width 'dff_gen_label[6].dff_inst'
Slack : -0.394
TNS   : -0.600

Type  : Slow 1100mV 85C Model Minimum Pulse Width 'dff_gen_label[24].dff_inst'
Slack : -0.394
TNS   : -0.548

Type  : Slow 1100mV 85C Model Minimum Pulse Width 'dff_gen_label[8].dff_inst'
Slack : -0.394
TNS   : -0.533

Type  : Slow 1100mV 85C Model Minimum Pulse Width 'dff_gen_label[16].dff_inst'
Slack : -0.394
TNS   : -0.529

Type  : Slow 1100mV 85C Model Minimum Pulse Width 'dff_gen_label[22].dff_inst'
Slack : -0.394
TNS   : -0.529

Type  : Slow 1100mV 85C Model Minimum Pulse Width 'dff_gen_label[20].dff_inst'
Slack : -0.394
TNS   : -0.527

Type  : Slow 1100mV 85C Model Minimum Pulse Width 'dff_gen_label[26].dff_inst'
Slack : -0.394
TNS   : -0.527

Type  : Slow 1100mV 85C Model Minimum Pulse Width 'dff_gen_label[12].dff_inst'
Slack : -0.394
TNS   : -0.526

Type  : Slow 1100mV 85C Model Minimum Pulse Width 'dff_gen_label[1].dff_inst'
Slack : -0.394
TNS   : -0.526

Type  : Slow 1100mV 85C Model Minimum Pulse Width 'dff_gen_label[23].dff_inst'
Slack : -0.394
TNS   : -0.525

Type  : Slow 1100mV 85C Model Minimum Pulse Width 'dff_gen_label[2].dff_inst'
Slack : -0.394
TNS   : -0.525

Type  : Slow 1100mV 85C Model Minimum Pulse Width 'dff_gen_label[4].dff_inst'
Slack : -0.394
TNS   : -0.524

Type  : Slow 1100mV 85C Model Minimum Pulse Width 'dff_gen_label[14].dff_inst'
Slack : -0.394
TNS   : -0.521

Type  : Slow 1100mV 85C Model Minimum Pulse Width 'dff_gen_label[10].dff_inst'
Slack : -0.394
TNS   : -0.519

Type  : Slow 1100mV 85C Model Minimum Pulse Width 'dff_gen_label[25].dff_inst'
Slack : -0.394
TNS   : -0.512

Type  : Slow 1100mV 85C Model Minimum Pulse Width 'dff_gen_label[7].dff_inst'
Slack : -0.394
TNS   : -0.512

Type  : Slow 1100mV 85C Model Minimum Pulse Width 'dff_gen_label[9].dff_inst'
Slack : -0.394
TNS   : -0.511

Type  : Slow 1100mV 85C Model Minimum Pulse Width 'dff_gen_label[13].dff_inst'
Slack : -0.394
TNS   : -0.510

Type  : Slow 1100mV 85C Model Minimum Pulse Width 'dff_gen_label[17].dff_inst'
Slack : -0.394
TNS   : -0.510

Type  : Slow 1100mV 85C Model Minimum Pulse Width 'dff_gen_label[18].dff_inst'
Slack : -0.394
TNS   : -0.510

Type  : Slow 1100mV 85C Model Minimum Pulse Width 'dff_gen_label[21].dff_inst'
Slack : -0.394
TNS   : -0.510

Type  : Slow 1100mV 85C Model Minimum Pulse Width 'dff_gen_label[3].dff_inst'
Slack : -0.394
TNS   : -0.510

Type  : Slow 1100mV 85C Model Minimum Pulse Width 'dff_gen_label[5].dff_inst'
Slack : -0.394
TNS   : -0.510

Type  : Slow 1100mV 85C Model Minimum Pulse Width 'dff_inst0'
Slack : -0.394
TNS   : -0.510

Type  : Slow 1100mV 85C Model Minimum Pulse Width 'dff_gen_label[15].dff_inst'
Slack : -0.394
TNS   : -0.509

Type  : Slow 1100mV 85C Model Minimum Pulse Width 'dff_gen_label[11].dff_inst'
Slack : -0.394
TNS   : -0.508

Type  : Slow 1100mV 85C Model Minimum Pulse Width 'dff_gen_label[19].dff_inst'
Slack : -0.394
TNS   : -0.508

Type  : Slow 1100mV 0C Model Setup 'clk'
Slack : -2.310
TNS   : -2.310

Type  : Slow 1100mV 0C Model Setup 'dff_gen_label[16].dff_inst'
Slack : -1.894
TNS   : -1.894

Type  : Slow 1100mV 0C Model Setup 'dff_gen_label[6].dff_inst'
Slack : -1.872
TNS   : -1.872

Type  : Slow 1100mV 0C Model Setup 'dff_gen_label[8].dff_inst'
Slack : -1.747
TNS   : -1.747

Type  : Slow 1100mV 0C Model Setup 'dff_gen_label[4].dff_inst'
Slack : -1.744
TNS   : -1.744

Type  : Slow 1100mV 0C Model Setup 'dff_gen_label[26].dff_inst'
Slack : -1.727
TNS   : -1.727

Type  : Slow 1100mV 0C Model Setup 'dff_gen_label[20].dff_inst'
Slack : -1.698
TNS   : -1.698

Type  : Slow 1100mV 0C Model Setup 'dff_gen_label[2].dff_inst'
Slack : -1.688
TNS   : -1.688

Type  : Slow 1100mV 0C Model Setup 'dff_gen_label[14].dff_inst'
Slack : -1.677
TNS   : -1.677

Type  : Slow 1100mV 0C Model Setup 'dff_gen_label[12].dff_inst'
Slack : -1.654
TNS   : -1.654

Type  : Slow 1100mV 0C Model Setup 'dff_gen_label[23].dff_inst'
Slack : -1.648
TNS   : -1.648

Type  : Slow 1100mV 0C Model Setup 'dff_gen_label[22].dff_inst'
Slack : -1.621
TNS   : -1.621

Type  : Slow 1100mV 0C Model Setup 'dff_gen_label[17].dff_inst'
Slack : -1.600
TNS   : -1.600

Type  : Slow 1100mV 0C Model Setup 'dff_gen_label[10].dff_inst'
Slack : -1.598
TNS   : -1.598

Type  : Slow 1100mV 0C Model Setup 'dff_gen_label[1].dff_inst'
Slack : -1.593
TNS   : -1.593

Type  : Slow 1100mV 0C Model Setup 'dff_gen_label[18].dff_inst'
Slack : -1.587
TNS   : -1.587

Type  : Slow 1100mV 0C Model Setup 'dff_gen_label[21].dff_inst'
Slack : -1.581
TNS   : -1.581

Type  : Slow 1100mV 0C Model Setup 'dff_inst0'
Slack : -1.579
TNS   : -1.579

Type  : Slow 1100mV 0C Model Setup 'dff_gen_label[25].dff_inst'
Slack : -1.566
TNS   : -1.566

Type  : Slow 1100mV 0C Model Setup 'dff_gen_label[11].dff_inst'
Slack : -1.556
TNS   : -1.556

Type  : Slow 1100mV 0C Model Setup 'dff_gen_label[19].dff_inst'
Slack : -1.552
TNS   : -1.552

Type  : Slow 1100mV 0C Model Setup 'dff_gen_label[3].dff_inst'
Slack : -1.542
TNS   : -1.542

Type  : Slow 1100mV 0C Model Setup 'dff_gen_label[9].dff_inst'
Slack : -1.530
TNS   : -1.530

Type  : Slow 1100mV 0C Model Setup 'dff_gen_label[15].dff_inst'
Slack : -1.525
TNS   : -1.525

Type  : Slow 1100mV 0C Model Setup 'dff_gen_label[13].dff_inst'
Slack : -1.499
TNS   : -1.499

Type  : Slow 1100mV 0C Model Setup 'dff_gen_label[24].dff_inst'
Slack : -1.497
TNS   : -1.497

Type  : Slow 1100mV 0C Model Setup 'dff_gen_label[5].dff_inst'
Slack : -1.496
TNS   : -1.496

Type  : Slow 1100mV 0C Model Setup 'dff_gen_label[7].dff_inst'
Slack : -1.454
TNS   : -1.454

Type  : Slow 1100mV 0C Model Setup 'dff_gen_label[27].dff_inst'
Slack : -1.065
TNS   : -6.643

Type  : Slow 1100mV 0C Model Hold 'dff_gen_label[27].dff_inst'
Slack : 0.364
TNS   : 0.000

Type  : Slow 1100mV 0C Model Hold 'dff_gen_label[24].dff_inst'
Slack : 0.467
TNS   : 0.000

Type  : Slow 1100mV 0C Model Hold 'dff_gen_label[9].dff_inst'
Slack : 0.538
TNS   : 0.000

Type  : Slow 1100mV 0C Model Hold 'dff_gen_label[7].dff_inst'
Slack : 0.552
TNS   : 0.000

Type  : Slow 1100mV 0C Model Hold 'dff_gen_label[11].dff_inst'
Slack : 0.565
TNS   : 0.000

Type  : Slow 1100mV 0C Model Hold 'dff_gen_label[5].dff_inst'
Slack : 0.575
TNS   : 0.000

Type  : Slow 1100mV 0C Model Hold 'dff_gen_label[10].dff_inst'
Slack : 0.590
TNS   : 0.000

Type  : Slow 1100mV 0C Model Hold 'dff_gen_label[13].dff_inst'
Slack : 0.595
TNS   : 0.000

Type  : Slow 1100mV 0C Model Hold 'dff_gen_label[15].dff_inst'
Slack : 0.597
TNS   : 0.000

Type  : Slow 1100mV 0C Model Hold 'dff_gen_label[19].dff_inst'
Slack : 0.600
TNS   : 0.000

Type  : Slow 1100mV 0C Model Hold 'dff_gen_label[2].dff_inst'
Slack : 0.604
TNS   : 0.000

Type  : Slow 1100mV 0C Model Hold 'dff_gen_label[21].dff_inst'
Slack : 0.614
TNS   : 0.000

Type  : Slow 1100mV 0C Model Hold 'dff_gen_label[23].dff_inst'
Slack : 0.617
TNS   : 0.000

Type  : Slow 1100mV 0C Model Hold 'dff_gen_label[3].dff_inst'
Slack : 0.617
TNS   : 0.000

Type  : Slow 1100mV 0C Model Hold 'dff_gen_label[12].dff_inst'
Slack : 0.622
TNS   : 0.000

Type  : Slow 1100mV 0C Model Hold 'dff_inst0'
Slack : 0.627
TNS   : 0.000

Type  : Slow 1100mV 0C Model Hold 'dff_gen_label[14].dff_inst'
Slack : 0.629
TNS   : 0.000

Type  : Slow 1100mV 0C Model Hold 'dff_gen_label[17].dff_inst'
Slack : 0.641
TNS   : 0.000

Type  : Slow 1100mV 0C Model Hold 'dff_gen_label[25].dff_inst'
Slack : 0.643
TNS   : 0.000

Type  : Slow 1100mV 0C Model Hold 'dff_gen_label[1].dff_inst'
Slack : 0.644
TNS   : 0.000

Type  : Slow 1100mV 0C Model Hold 'dff_gen_label[8].dff_inst'
Slack : 0.646
TNS   : 0.000

Type  : Slow 1100mV 0C Model Hold 'dff_gen_label[20].dff_inst'
Slack : 0.668
TNS   : 0.000

Type  : Slow 1100mV 0C Model Hold 'dff_gen_label[22].dff_inst'
Slack : 0.673
TNS   : 0.000

Type  : Slow 1100mV 0C Model Hold 'dff_gen_label[6].dff_inst'
Slack : 0.710
TNS   : 0.000

Type  : Slow 1100mV 0C Model Hold 'dff_gen_label[18].dff_inst'
Slack : 0.717
TNS   : 0.000

Type  : Slow 1100mV 0C Model Hold 'dff_gen_label[26].dff_inst'
Slack : 0.718
TNS   : 0.000

Type  : Slow 1100mV 0C Model Hold 'dff_gen_label[4].dff_inst'
Slack : 0.753
TNS   : 0.000

Type  : Slow 1100mV 0C Model Hold 'clk'
Slack : 0.779
TNS   : 0.000

Type  : Slow 1100mV 0C Model Hold 'dff_gen_label[16].dff_inst'
Slack : 0.820
TNS   : 0.000

Type  : Slow 1100mV 0C Model Minimum Pulse Width 'clk'
Slack : -0.406
TNS   : -0.800

Type  : Slow 1100mV 0C Model Minimum Pulse Width 'dff_gen_label[27].dff_inst'
Slack : -0.394
TNS   : -4.111

Type  : Slow 1100mV 0C Model Minimum Pulse Width 'dff_gen_label[6].dff_inst'
Slack : -0.394
TNS   : -0.608

Type  : Slow 1100mV 0C Model Minimum Pulse Width 'dff_gen_label[24].dff_inst'
Slack : -0.394
TNS   : -0.549

Type  : Slow 1100mV 0C Model Minimum Pulse Width 'dff_gen_label[7].dff_inst'
Slack : -0.394
TNS   : -0.527

Type  : Slow 1100mV 0C Model Minimum Pulse Width 'dff_gen_label[8].dff_inst'
Slack : -0.394
TNS   : -0.526

Type  : Slow 1100mV 0C Model Minimum Pulse Width 'dff_gen_label[16].dff_inst'
Slack : -0.394
TNS   : -0.521

Type  : Slow 1100mV 0C Model Minimum Pulse Width 'dff_gen_label[22].dff_inst'
Slack : -0.394
TNS   : -0.519

Type  : Slow 1100mV 0C Model Minimum Pulse Width 'dff_gen_label[25].dff_inst'
Slack : -0.394
TNS   : -0.519

Type  : Slow 1100mV 0C Model Minimum Pulse Width 'dff_gen_label[26].dff_inst'
Slack : -0.394
TNS   : -0.516

Type  : Slow 1100mV 0C Model Minimum Pulse Width 'dff_gen_label[9].dff_inst'
Slack : -0.394
TNS   : -0.516

Type  : Slow 1100mV 0C Model Minimum Pulse Width 'dff_gen_label[12].dff_inst'
Slack : -0.394
TNS   : -0.515

Type  : Slow 1100mV 0C Model Minimum Pulse Width 'dff_gen_label[1].dff_inst'
Slack : -0.394
TNS   : -0.515

Type  : Slow 1100mV 0C Model Minimum Pulse Width 'dff_gen_label[20].dff_inst'
Slack : -0.394
TNS   : -0.515

Type  : Slow 1100mV 0C Model Minimum Pulse Width 'dff_gen_label[23].dff_inst'
Slack : -0.394
TNS   : -0.515

Type  : Slow 1100mV 0C Model Minimum Pulse Width 'dff_gen_label[13].dff_inst'
Slack : -0.394
TNS   : -0.514

Type  : Slow 1100mV 0C Model Minimum Pulse Width 'dff_gen_label[15].dff_inst'
Slack : -0.394
TNS   : -0.514

Type  : Slow 1100mV 0C Model Minimum Pulse Width 'dff_gen_label[4].dff_inst'
Slack : -0.394
TNS   : -0.514

Type  : Slow 1100mV 0C Model Minimum Pulse Width 'dff_gen_label[5].dff_inst'
Slack : -0.394
TNS   : -0.514

Type  : Slow 1100mV 0C Model Minimum Pulse Width 'dff_gen_label[17].dff_inst'
Slack : -0.394
TNS   : -0.513

Type  : Slow 1100mV 0C Model Minimum Pulse Width 'dff_gen_label[21].dff_inst'
Slack : -0.394
TNS   : -0.513

Type  : Slow 1100mV 0C Model Minimum Pulse Width 'dff_gen_label[2].dff_inst'
Slack : -0.394
TNS   : -0.513

Type  : Slow 1100mV 0C Model Minimum Pulse Width 'dff_gen_label[3].dff_inst'
Slack : -0.394
TNS   : -0.513

Type  : Slow 1100mV 0C Model Minimum Pulse Width 'dff_inst0'
Slack : -0.394
TNS   : -0.513

Type  : Slow 1100mV 0C Model Minimum Pulse Width 'dff_gen_label[11].dff_inst'
Slack : -0.394
TNS   : -0.512

Type  : Slow 1100mV 0C Model Minimum Pulse Width 'dff_gen_label[14].dff_inst'
Slack : -0.394
TNS   : -0.512

Type  : Slow 1100mV 0C Model Minimum Pulse Width 'dff_gen_label[10].dff_inst'
Slack : -0.394
TNS   : -0.511

Type  : Slow 1100mV 0C Model Minimum Pulse Width 'dff_gen_label[18].dff_inst'
Slack : -0.394
TNS   : -0.511

Type  : Slow 1100mV 0C Model Minimum Pulse Width 'dff_gen_label[19].dff_inst'
Slack : -0.394
TNS   : -0.511

Type  : Fast 1100mV 85C Model Setup 'clk'
Slack : -2.011
TNS   : -2.011

Type  : Fast 1100mV 85C Model Setup 'dff_gen_label[16].dff_inst'
Slack : -1.216
TNS   : -1.216

Type  : Fast 1100mV 85C Model Setup 'dff_gen_label[14].dff_inst'
Slack : -1.195
TNS   : -1.195

Type  : Fast 1100mV 85C Model Setup 'dff_gen_label[2].dff_inst'
Slack : -1.195
TNS   : -1.195

Type  : Fast 1100mV 85C Model Setup 'dff_gen_label[24].dff_inst'
Slack : -1.155
TNS   : -1.155

Type  : Fast 1100mV 85C Model Setup 'dff_gen_label[23].dff_inst'
Slack : -1.138
TNS   : -1.138

Type  : Fast 1100mV 85C Model Setup 'dff_gen_label[20].dff_inst'
Slack : -1.120
TNS   : -1.120

Type  : Fast 1100mV 85C Model Setup 'dff_gen_label[12].dff_inst'
Slack : -1.104
TNS   : -1.104

Type  : Fast 1100mV 85C Model Setup 'dff_gen_label[6].dff_inst'
Slack : -1.100
TNS   : -1.100

Type  : Fast 1100mV 85C Model Setup 'dff_gen_label[4].dff_inst'
Slack : -1.089
TNS   : -1.089

Type  : Fast 1100mV 85C Model Setup 'dff_gen_label[1].dff_inst'
Slack : -1.080
TNS   : -1.080

Type  : Fast 1100mV 85C Model Setup 'dff_gen_label[22].dff_inst'
Slack : -1.074
TNS   : -1.074

Type  : Fast 1100mV 85C Model Setup 'dff_gen_label[10].dff_inst'
Slack : -1.072
TNS   : -1.072

Type  : Fast 1100mV 85C Model Setup 'dff_gen_label[8].dff_inst'
Slack : -1.064
TNS   : -1.064

Type  : Fast 1100mV 85C Model Setup 'dff_gen_label[26].dff_inst'
Slack : -0.987
TNS   : -0.987

Type  : Fast 1100mV 85C Model Setup 'dff_gen_label[19].dff_inst'
Slack : -0.874
TNS   : -0.874

Type  : Fast 1100mV 85C Model Setup 'dff_gen_label[18].dff_inst'
Slack : -0.871
TNS   : -0.871

Type  : Fast 1100mV 85C Model Setup 'dff_gen_label[13].dff_inst'
Slack : -0.832
TNS   : -0.832

Type  : Fast 1100mV 85C Model Setup 'dff_gen_label[17].dff_inst'
Slack : -0.804
TNS   : -0.804

Type  : Fast 1100mV 85C Model Setup 'dff_inst0'
Slack : -0.795
TNS   : -0.795

Type  : Fast 1100mV 85C Model Setup 'dff_gen_label[21].dff_inst'
Slack : -0.791
TNS   : -0.791

Type  : Fast 1100mV 85C Model Setup 'dff_gen_label[25].dff_inst'
Slack : -0.788
TNS   : -0.788

Type  : Fast 1100mV 85C Model Setup 'dff_gen_label[3].dff_inst'
Slack : -0.771
TNS   : -0.771

Type  : Fast 1100mV 85C Model Setup 'dff_gen_label[11].dff_inst'
Slack : -0.768
TNS   : -0.768

Type  : Fast 1100mV 85C Model Setup 'dff_gen_label[9].dff_inst'
Slack : -0.761
TNS   : -0.761

Type  : Fast 1100mV 85C Model Setup 'dff_gen_label[15].dff_inst'
Slack : -0.745
TNS   : -0.745

Type  : Fast 1100mV 85C Model Setup 'dff_gen_label[5].dff_inst'
Slack : -0.735
TNS   : -0.735

Type  : Fast 1100mV 85C Model Setup 'dff_gen_label[7].dff_inst'
Slack : -0.709
TNS   : -0.709

Type  : Fast 1100mV 85C Model Setup 'dff_gen_label[27].dff_inst'
Slack : -0.391
TNS   : -2.060

Type  : Fast 1100mV 85C Model Hold 'dff_gen_label[7].dff_inst'
Slack : 0.069
TNS   : 0.000

Type  : Fast 1100mV 85C Model Hold 'dff_gen_label[9].dff_inst'
Slack : 0.071
TNS   : 0.000

Type  : Fast 1100mV 85C Model Hold 'dff_gen_label[11].dff_inst'
Slack : 0.081
TNS   : 0.000

Type  : Fast 1100mV 85C Model Hold 'dff_gen_label[15].dff_inst'
Slack : 0.091
TNS   : 0.000

Type  : Fast 1100mV 85C Model Hold 'dff_gen_label[5].dff_inst'
Slack : 0.092
TNS   : 0.000

Type  : Fast 1100mV 85C Model Hold 'dff_gen_label[21].dff_inst'
Slack : 0.112
TNS   : 0.000

Type  : Fast 1100mV 85C Model Hold 'dff_gen_label[17].dff_inst'
Slack : 0.115
TNS   : 0.000

Type  : Fast 1100mV 85C Model Hold 'dff_gen_label[3].dff_inst'
Slack : 0.129
TNS   : 0.000

Type  : Fast 1100mV 85C Model Hold 'dff_inst0'
Slack : 0.136
TNS   : 0.000

Type  : Fast 1100mV 85C Model Hold 'dff_gen_label[25].dff_inst'
Slack : 0.147
TNS   : 0.000

Type  : Fast 1100mV 85C Model Hold 'dff_gen_label[27].dff_inst'
Slack : 0.177
TNS   : 0.000

Type  : Fast 1100mV 85C Model Hold 'dff_gen_label[13].dff_inst'
Slack : 0.204
TNS   : 0.000

Type  : Fast 1100mV 85C Model Hold 'dff_gen_label[19].dff_inst'
Slack : 0.210
TNS   : 0.000

Type  : Fast 1100mV 85C Model Hold 'dff_gen_label[6].dff_inst'
Slack : 0.260
TNS   : 0.000

Type  : Fast 1100mV 85C Model Hold 'dff_gen_label[8].dff_inst'
Slack : 0.273
TNS   : 0.000

Type  : Fast 1100mV 85C Model Hold 'dff_gen_label[26].dff_inst'
Slack : 0.285
TNS   : 0.000

Type  : Fast 1100mV 85C Model Hold 'dff_gen_label[18].dff_inst'
Slack : 0.287
TNS   : 0.000

Type  : Fast 1100mV 85C Model Hold 'dff_gen_label[10].dff_inst'
Slack : 0.319
TNS   : 0.000

Type  : Fast 1100mV 85C Model Hold 'dff_gen_label[12].dff_inst'
Slack : 0.341
TNS   : 0.000

Type  : Fast 1100mV 85C Model Hold 'dff_gen_label[4].dff_inst'
Slack : 0.356
TNS   : 0.000

Type  : Fast 1100mV 85C Model Hold 'dff_gen_label[1].dff_inst'
Slack : 0.360
TNS   : 0.000

Type  : Fast 1100mV 85C Model Hold 'dff_gen_label[23].dff_inst'
Slack : 0.363
TNS   : 0.000

Type  : Fast 1100mV 85C Model Hold 'dff_gen_label[2].dff_inst'
Slack : 0.366
TNS   : 0.000

Type  : Fast 1100mV 85C Model Hold 'dff_gen_label[20].dff_inst'
Slack : 0.368
TNS   : 0.000

Type  : Fast 1100mV 85C Model Hold 'dff_gen_label[24].dff_inst'
Slack : 0.374
TNS   : 0.000

Type  : Fast 1100mV 85C Model Hold 'dff_gen_label[14].dff_inst'
Slack : 0.376
TNS   : 0.000

Type  : Fast 1100mV 85C Model Hold 'dff_gen_label[22].dff_inst'
Slack : 0.378
TNS   : 0.000

Type  : Fast 1100mV 85C Model Hold 'dff_gen_label[16].dff_inst'
Slack : 0.417
TNS   : 0.000

Type  : Fast 1100mV 85C Model Hold 'clk'
Slack : 0.931
TNS   : 0.000

Type  : Fast 1100mV 85C Model Minimum Pulse Width 'clk'
Slack : -0.406
TNS   : -0.460

Type  : Fast 1100mV 85C Model Minimum Pulse Width 'dff_gen_label[6].dff_inst'
Slack : -0.009
TNS   : -0.009

Type  : Fast 1100mV 85C Model Minimum Pulse Width 'dff_gen_label[24].dff_inst'
Slack : 0.072
TNS   : 0.000

Type  : Fast 1100mV 85C Model Minimum Pulse Width 'dff_gen_label[8].dff_inst'
Slack : 0.103
TNS   : 0.000

Type  : Fast 1100mV 85C Model Minimum Pulse Width 'dff_gen_label[16].dff_inst'
Slack : 0.113
TNS   : 0.000

Type  : Fast 1100mV 85C Model Minimum Pulse Width 'dff_gen_label[22].dff_inst'
Slack : 0.120
TNS   : 0.000

Type  : Fast 1100mV 85C Model Minimum Pulse Width 'dff_gen_label[7].dff_inst'
Slack : 0.124
TNS   : 0.000

Type  : Fast 1100mV 85C Model Minimum Pulse Width 'dff_gen_label[25].dff_inst'
Slack : 0.127
TNS   : 0.000

Type  : Fast 1100mV 85C Model Minimum Pulse Width 'dff_gen_label[9].dff_inst'
Slack : 0.130
TNS   : 0.000

Type  : Fast 1100mV 85C Model Minimum Pulse Width 'dff_gen_label[12].dff_inst'
Slack : 0.133
TNS   : 0.000

Type  : Fast 1100mV 85C Model Minimum Pulse Width 'dff_gen_label[26].dff_inst'
Slack : 0.133
TNS   : 0.000

Type  : Fast 1100mV 85C Model Minimum Pulse Width 'dff_gen_label[20].dff_inst'
Slack : 0.134
TNS   : 0.000

Type  : Fast 1100mV 85C Model Minimum Pulse Width 'dff_gen_label[23].dff_inst'
Slack : 0.136
TNS   : 0.000

Type  : Fast 1100mV 85C Model Minimum Pulse Width 'dff_gen_label[2].dff_inst'
Slack : 0.141
TNS   : 0.000

Type  : Fast 1100mV 85C Model Minimum Pulse Width 'dff_gen_label[21].dff_inst'
Slack : 0.143
TNS   : 0.000

Type  : Fast 1100mV 85C Model Minimum Pulse Width 'dff_gen_label[15].dff_inst'
Slack : 0.144
TNS   : 0.000

Type  : Fast 1100mV 85C Model Minimum Pulse Width 'dff_gen_label[17].dff_inst'
Slack : 0.144
TNS   : 0.000

Type  : Fast 1100mV 85C Model Minimum Pulse Width 'dff_gen_label[1].dff_inst'
Slack : 0.144
TNS   : 0.000

Type  : Fast 1100mV 85C Model Minimum Pulse Width 'dff_gen_label[3].dff_inst'
Slack : 0.144
TNS   : 0.000

Type  : Fast 1100mV 85C Model Minimum Pulse Width 'dff_inst0'
Slack : 0.144
TNS   : 0.000

Type  : Fast 1100mV 85C Model Minimum Pulse Width 'dff_gen_label[4].dff_inst'
Slack : 0.145
TNS   : 0.000

Type  : Fast 1100mV 85C Model Minimum Pulse Width 'dff_gen_label[13].dff_inst'
Slack : 0.147
TNS   : 0.000

Type  : Fast 1100mV 85C Model Minimum Pulse Width 'dff_gen_label[5].dff_inst'
Slack : 0.147
TNS   : 0.000

Type  : Fast 1100mV 85C Model Minimum Pulse Width 'dff_gen_label[27].dff_inst'
Slack : 0.152
TNS   : 0.000

Type  : Fast 1100mV 85C Model Minimum Pulse Width 'dff_gen_label[11].dff_inst'
Slack : 0.153
TNS   : 0.000

Type  : Fast 1100mV 85C Model Minimum Pulse Width 'dff_gen_label[19].dff_inst'
Slack : 0.154
TNS   : 0.000

Type  : Fast 1100mV 85C Model Minimum Pulse Width 'dff_gen_label[14].dff_inst'
Slack : 0.155
TNS   : 0.000

Type  : Fast 1100mV 85C Model Minimum Pulse Width 'dff_gen_label[10].dff_inst'
Slack : 0.156
TNS   : 0.000

Type  : Fast 1100mV 85C Model Minimum Pulse Width 'dff_gen_label[18].dff_inst'
Slack : 0.163
TNS   : 0.000

Type  : Fast 1100mV 0C Model Setup 'clk'
Slack : -1.639
TNS   : -1.639

Type  : Fast 1100mV 0C Model Setup 'dff_gen_label[16].dff_inst'
Slack : -1.103
TNS   : -1.103

Type  : Fast 1100mV 0C Model Setup 'dff_gen_label[2].dff_inst'
Slack : -1.067
TNS   : -1.067

Type  : Fast 1100mV 0C Model Setup 'dff_gen_label[14].dff_inst'
Slack : -1.058
TNS   : -1.058

Type  : Fast 1100mV 0C Model Setup 'dff_gen_label[24].dff_inst'
Slack : -1.027
TNS   : -1.027

Type  : Fast 1100mV 0C Model Setup 'dff_gen_label[23].dff_inst'
Slack : -1.011
TNS   : -1.011

Type  : Fast 1100mV 0C Model Setup 'dff_gen_label[6].dff_inst'
Slack : -1.008
TNS   : -1.008

Type  : Fast 1100mV 0C Model Setup 'dff_gen_label[20].dff_inst'
Slack : -1.005
TNS   : -1.005

Type  : Fast 1100mV 0C Model Setup 'dff_gen_label[4].dff_inst'
Slack : -0.995
TNS   : -0.995

Type  : Fast 1100mV 0C Model Setup 'dff_gen_label[12].dff_inst'
Slack : -0.987
TNS   : -0.987

Type  : Fast 1100mV 0C Model Setup 'dff_gen_label[22].dff_inst'
Slack : -0.969
TNS   : -0.969

Type  : Fast 1100mV 0C Model Setup 'dff_gen_label[8].dff_inst'
Slack : -0.968
TNS   : -0.968

Type  : Fast 1100mV 0C Model Setup 'dff_gen_label[1].dff_inst'
Slack : -0.967
TNS   : -0.967

Type  : Fast 1100mV 0C Model Setup 'dff_gen_label[10].dff_inst'
Slack : -0.963
TNS   : -0.963

Type  : Fast 1100mV 0C Model Setup 'dff_gen_label[26].dff_inst'
Slack : -0.904
TNS   : -0.904

Type  : Fast 1100mV 0C Model Setup 'dff_gen_label[18].dff_inst'
Slack : -0.808
TNS   : -0.808

Type  : Fast 1100mV 0C Model Setup 'dff_gen_label[19].dff_inst'
Slack : -0.802
TNS   : -0.802

Type  : Fast 1100mV 0C Model Setup 'dff_gen_label[13].dff_inst'
Slack : -0.768
TNS   : -0.768

Type  : Fast 1100mV 0C Model Setup 'dff_inst0'
Slack : -0.760
TNS   : -0.760

Type  : Fast 1100mV 0C Model Setup 'dff_gen_label[17].dff_inst'
Slack : -0.757
TNS   : -0.757

Type  : Fast 1100mV 0C Model Setup 'dff_gen_label[25].dff_inst'
Slack : -0.755
TNS   : -0.755

Type  : Fast 1100mV 0C Model Setup 'dff_gen_label[21].dff_inst'
Slack : -0.746
TNS   : -0.746

Type  : Fast 1100mV 0C Model Setup 'dff_gen_label[3].dff_inst'
Slack : -0.739
TNS   : -0.739

Type  : Fast 1100mV 0C Model Setup 'dff_gen_label[11].dff_inst'
Slack : -0.726
TNS   : -0.726

Type  : Fast 1100mV 0C Model Setup 'dff_gen_label[9].dff_inst'
Slack : -0.722
TNS   : -0.722

Type  : Fast 1100mV 0C Model Setup 'dff_gen_label[5].dff_inst'
Slack : -0.707
TNS   : -0.707

Type  : Fast 1100mV 0C Model Setup 'dff_gen_label[15].dff_inst'
Slack : -0.706
TNS   : -0.706

Type  : Fast 1100mV 0C Model Setup 'dff_gen_label[7].dff_inst'
Slack : -0.678
TNS   : -0.678

Type  : Fast 1100mV 0C Model Setup 'dff_gen_label[27].dff_inst'
Slack : -0.321
TNS   : -1.673

Type  : Fast 1100mV 0C Model Hold 'dff_gen_label[7].dff_inst'
Slack : 0.057
TNS   : 0.000

Type  : Fast 1100mV 0C Model Hold 'dff_gen_label[9].dff_inst'
Slack : 0.062
TNS   : 0.000

Type  : Fast 1100mV 0C Model Hold 'dff_gen_label[11].dff_inst'
Slack : 0.068
TNS   : 0.000

Type  : Fast 1100mV 0C Model Hold 'dff_gen_label[15].dff_inst'
Slack : 0.077
TNS   : 0.000

Type  : Fast 1100mV 0C Model Hold 'dff_gen_label[5].dff_inst'
Slack : 0.078
TNS   : 0.000

Type  : Fast 1100mV 0C Model Hold 'dff_gen_label[21].dff_inst'
Slack : 0.098
TNS   : 0.000

Type  : Fast 1100mV 0C Model Hold 'dff_gen_label[17].dff_inst'
Slack : 0.102
TNS   : 0.000

Type  : Fast 1100mV 0C Model Hold 'dff_gen_label[3].dff_inst'
Slack : 0.107
TNS   : 0.000

Type  : Fast 1100mV 0C Model Hold 'dff_inst0'
Slack : 0.115
TNS   : 0.000

Type  : Fast 1100mV 0C Model Hold 'dff_gen_label[25].dff_inst'
Slack : 0.125
TNS   : 0.000

Type  : Fast 1100mV 0C Model Hold 'dff_gen_label[27].dff_inst'
Slack : 0.147
TNS   : 0.000

Type  : Fast 1100mV 0C Model Hold 'dff_gen_label[19].dff_inst'
Slack : 0.161
TNS   : 0.000

Type  : Fast 1100mV 0C Model Hold 'dff_gen_label[13].dff_inst'
Slack : 0.163
TNS   : 0.000

Type  : Fast 1100mV 0C Model Hold 'dff_gen_label[6].dff_inst'
Slack : 0.201
TNS   : 0.000

Type  : Fast 1100mV 0C Model Hold 'dff_gen_label[8].dff_inst'
Slack : 0.209
TNS   : 0.000

Type  : Fast 1100mV 0C Model Hold 'dff_gen_label[18].dff_inst'
Slack : 0.243
TNS   : 0.000

Type  : Fast 1100mV 0C Model Hold 'dff_gen_label[26].dff_inst'
Slack : 0.252
TNS   : 0.000

Type  : Fast 1100mV 0C Model Hold 'dff_gen_label[10].dff_inst'
Slack : 0.263
TNS   : 0.000

Type  : Fast 1100mV 0C Model Hold 'dff_gen_label[23].dff_inst'
Slack : 0.271
TNS   : 0.000

Type  : Fast 1100mV 0C Model Hold 'dff_gen_label[12].dff_inst'
Slack : 0.275
TNS   : 0.000

Type  : Fast 1100mV 0C Model Hold 'dff_gen_label[2].dff_inst'
Slack : 0.283
TNS   : 0.000

Type  : Fast 1100mV 0C Model Hold 'dff_gen_label[1].dff_inst'
Slack : 0.284
TNS   : 0.000

Type  : Fast 1100mV 0C Model Hold 'dff_gen_label[24].dff_inst'
Slack : 0.285
TNS   : 0.000

Type  : Fast 1100mV 0C Model Hold 'dff_gen_label[14].dff_inst'
Slack : 0.290
TNS   : 0.000

Type  : Fast 1100mV 0C Model Hold 'dff_gen_label[4].dff_inst'
Slack : 0.290
TNS   : 0.000

Type  : Fast 1100mV 0C Model Hold 'dff_gen_label[20].dff_inst'
Slack : 0.291
TNS   : 0.000

Type  : Fast 1100mV 0C Model Hold 'dff_gen_label[22].dff_inst'
Slack : 0.307
TNS   : 0.000

Type  : Fast 1100mV 0C Model Hold 'dff_gen_label[16].dff_inst'
Slack : 0.345
TNS   : 0.000

Type  : Fast 1100mV 0C Model Hold 'clk'
Slack : 0.631
TNS   : 0.000

Type  : Fast 1100mV 0C Model Minimum Pulse Width 'clk'
Slack : -0.389
TNS   : -0.436

Type  : Fast 1100mV 0C Model Minimum Pulse Width 'dff_gen_label[6].dff_inst'
Slack : 0.017
TNS   : 0.000

Type  : Fast 1100mV 0C Model Minimum Pulse Width 'dff_gen_label[24].dff_inst'
Slack : 0.074
TNS   : 0.000

Type  : Fast 1100mV 0C Model Minimum Pulse Width 'dff_gen_label[8].dff_inst'
Slack : 0.118
TNS   : 0.000

Type  : Fast 1100mV 0C Model Minimum Pulse Width 'dff_gen_label[16].dff_inst'
Slack : 0.126
TNS   : 0.000

Type  : Fast 1100mV 0C Model Minimum Pulse Width 'dff_gen_label[7].dff_inst'
Slack : 0.127
TNS   : 0.000

Type  : Fast 1100mV 0C Model Minimum Pulse Width 'dff_gen_label[25].dff_inst'
Slack : 0.130
TNS   : 0.000

Type  : Fast 1100mV 0C Model Minimum Pulse Width 'dff_gen_label[22].dff_inst'
Slack : 0.131
TNS   : 0.000

Type  : Fast 1100mV 0C Model Minimum Pulse Width 'dff_gen_label[9].dff_inst'
Slack : 0.131
TNS   : 0.000

Type  : Fast 1100mV 0C Model Minimum Pulse Width 'dff_gen_label[20].dff_inst'
Slack : 0.145
TNS   : 0.000

Type  : Fast 1100mV 0C Model Minimum Pulse Width 'dff_gen_label[21].dff_inst'
Slack : 0.145
TNS   : 0.000

Type  : Fast 1100mV 0C Model Minimum Pulse Width 'dff_gen_label[12].dff_inst'
Slack : 0.146
TNS   : 0.000

Type  : Fast 1100mV 0C Model Minimum Pulse Width 'dff_gen_label[15].dff_inst'
Slack : 0.146
TNS   : 0.000

Type  : Fast 1100mV 0C Model Minimum Pulse Width 'dff_gen_label[17].dff_inst'
Slack : 0.146
TNS   : 0.000

Type  : Fast 1100mV 0C Model Minimum Pulse Width 'dff_gen_label[23].dff_inst'
Slack : 0.146
TNS   : 0.000

Type  : Fast 1100mV 0C Model Minimum Pulse Width 'dff_gen_label[26].dff_inst'
Slack : 0.146
TNS   : 0.000

Type  : Fast 1100mV 0C Model Minimum Pulse Width 'dff_gen_label[27].dff_inst'
Slack : 0.148
TNS   : 0.000

Type  : Fast 1100mV 0C Model Minimum Pulse Width 'dff_gen_label[3].dff_inst'
Slack : 0.148
TNS   : 0.000

Type  : Fast 1100mV 0C Model Minimum Pulse Width 'dff_inst0'
Slack : 0.148
TNS   : 0.000

Type  : Fast 1100mV 0C Model Minimum Pulse Width 'dff_gen_label[13].dff_inst'
Slack : 0.149
TNS   : 0.000

Type  : Fast 1100mV 0C Model Minimum Pulse Width 'dff_gen_label[5].dff_inst'
Slack : 0.149
TNS   : 0.000

Type  : Fast 1100mV 0C Model Minimum Pulse Width 'dff_gen_label[1].dff_inst'
Slack : 0.150
TNS   : 0.000

Type  : Fast 1100mV 0C Model Minimum Pulse Width 'dff_gen_label[19].dff_inst'
Slack : 0.151
TNS   : 0.000

Type  : Fast 1100mV 0C Model Minimum Pulse Width 'dff_gen_label[11].dff_inst'
Slack : 0.152
TNS   : 0.000

Type  : Fast 1100mV 0C Model Minimum Pulse Width 'dff_gen_label[2].dff_inst'
Slack : 0.152
TNS   : 0.000

Type  : Fast 1100mV 0C Model Minimum Pulse Width 'dff_gen_label[4].dff_inst'
Slack : 0.153
TNS   : 0.000

Type  : Fast 1100mV 0C Model Minimum Pulse Width 'dff_gen_label[10].dff_inst'
Slack : 0.160
TNS   : 0.000

Type  : Fast 1100mV 0C Model Minimum Pulse Width 'dff_gen_label[14].dff_inst'
Slack : 0.161
TNS   : 0.000

Type  : Fast 1100mV 0C Model Minimum Pulse Width 'dff_gen_label[18].dff_inst'
Slack : 0.161
TNS   : 0.000

------------------------------------------------------------
