------------------------------------------------------------
Timing Analyzer Summary
------------------------------------------------------------

Type  : Slow 1100mV 85C Model Setup 'clk'
Slack : -1.442
TNS   : -27.208

Type  : Slow 1100mV 85C Model Hold 'clk'
Slack : 0.378
TNS   : 0.000

Type  : Slow 1100mV 85C Model Minimum Pulse Width 'clk'
Slack : -0.394
TNS   : -12.974

Type  : Slow 1100mV 85C Model Minimum Pulse Width 'n_shift'
Slack : 0.247
TNS   : 0.000

Type  : Slow 1100mV 0C Model Setup 'clk'
Slack : -1.568
TNS   : -29.605

Type  : Slow 1100mV 0C Model Hold 'clk'
Slack : 0.378
TNS   : 0.000

Type  : Slow 1100mV 0C Model Minimum Pulse Width 'clk'
Slack : -0.394
TNS   : -14.121

Type  : Slow 1100mV 0C Model Minimum Pulse Width 'n_shift'
Slack : 0.254
TNS   : 0.000

Type  : Fast 1100mV 85C Model Setup 'clk'
Slack : -0.348
TNS   : -3.980

Type  : Fast 1100mV 85C Model Hold 'clk'
Slack : 0.186
TNS   : 0.000

Type  : Fast 1100mV 85C Model Minimum Pulse Width 'clk'
Slack : -0.089
TNS   : -2.168

Type  : Fast 1100mV 85C Model Minimum Pulse Width 'n_shift'
Slack : 0.015
TNS   : 0.000

Type  : Fast 1100mV 0C Model Setup 'clk'
Slack : -0.332
TNS   : -3.577

Type  : Fast 1100mV 0C Model Hold 'clk'
Slack : 0.179
TNS   : 0.000

Type  : Fast 1100mV 0C Model Minimum Pulse Width 'clk'
Slack : -0.087
TNS   : -2.134

Type  : Fast 1100mV 0C Model Minimum Pulse Width 'n_shift'
Slack : 0.006
TNS   : 0.000

------------------------------------------------------------
