------------------------------------------------------------
Timing Analyzer Summary
------------------------------------------------------------

Type  : Slow 1100mV 85C Model Setup 'clk'
Slack : -0.154
TNS   : -0.154

Type  : Slow 1100mV 85C Model Hold 'clk'
Slack : 0.239
TNS   : 0.000

Type  : Slow 1100mV 85C Model Minimum Pulse Width 'clk'
Slack : -0.394
TNS   : -1.040

Type  : Slow 1100mV 0C Model Setup 'clk'
Slack : -0.195
TNS   : -0.210

Type  : Slow 1100mV 0C Model Hold 'clk'
Slack : 0.225
TNS   : 0.000

Type  : Slow 1100mV 0C Model Minimum Pulse Width 'clk'
Slack : -0.394
TNS   : -1.109

Type  : Fast 1100mV 85C Model Setup 'clk'
Slack : 0.286
TNS   : 0.000

Type  : Fast 1100mV 85C Model Hold 'clk'
Slack : 0.145
TNS   : 0.000

Type  : Fast 1100mV 85C Model Minimum Pulse Width 'clk'
Slack : -0.090
TNS   : -0.179

Type  : Fast 1100mV 0C Model Setup 'clk'
Slack : 0.334
TNS   : 0.000

Type  : Fast 1100mV 0C Model Hold 'clk'
Slack : 0.130
TNS   : 0.000

Type  : Fast 1100mV 0C Model Minimum Pulse Width 'clk'
Slack : -0.088
TNS   : -0.174

------------------------------------------------------------
