------------------------------------------------------------
Timing Analyzer Summary
------------------------------------------------------------

Type  : Slow 1100mV 85C Model Setup 'clk'
Slack : -2.354
TNS   : -2.354

Type  : Slow 1100mV 85C Model Setup 'dff_gen_1[15].dff_inst'
Slack : -1.991
TNS   : -1.991

Type  : Slow 1100mV 85C Model Setup 'dff_gen_1[11].dff_inst'
Slack : -1.945
TNS   : -1.945

Type  : Slow 1100mV 85C Model Setup 'dff_gen_1[3].dff_inst'
Slack : -1.794
TNS   : -1.794

Type  : Slow 1100mV 85C Model Setup 'dff_gen_2[1].dff_inst'
Slack : -1.777
TNS   : -1.777

Type  : Slow 1100mV 85C Model Setup 'dff_gen_1[8].dff_inst'
Slack : -1.774
TNS   : -1.774

Type  : Slow 1100mV 85C Model Setup 'dff_gen_1[7].dff_inst'
Slack : -1.702
TNS   : -1.702

Type  : Slow 1100mV 85C Model Setup 'dff_gen_2[5].dff_inst'
Slack : -1.692
TNS   : -1.692

Type  : Slow 1100mV 85C Model Setup 'dff_gen_1[5].dff_inst'
Slack : -1.689
TNS   : -1.689

Type  : Slow 1100mV 85C Model Setup 'dff_gen_1[1].dff_inst'
Slack : -1.578
TNS   : -1.578

Type  : Slow 1100mV 85C Model Setup 'dff_gen_2[4].dff_inst'
Slack : -1.563
TNS   : -1.563

Type  : Slow 1100mV 85C Model Setup 'dff_gen_1[13].dff_inst'
Slack : -1.561
TNS   : -1.561

Type  : Slow 1100mV 85C Model Setup 'dff_gen_1[9].dff_inst'
Slack : -1.547
TNS   : -1.547

Type  : Slow 1100mV 85C Model Setup 'dff_gen_1[4].dff_inst'
Slack : -1.504
TNS   : -1.504

Type  : Slow 1100mV 85C Model Setup 'dff_inst1'
Slack : -1.488
TNS   : -1.488

Type  : Slow 1100mV 85C Model Setup 'dff_gen_2[2].dff_inst'
Slack : -1.459
TNS   : -1.459

Type  : Slow 1100mV 85C Model Setup 'dff_gen_1[10].dff_inst'
Slack : -1.449
TNS   : -1.449

Type  : Slow 1100mV 85C Model Setup 'dff_gen_2[6].dff_inst'
Slack : -1.432
TNS   : -1.432

Type  : Slow 1100mV 85C Model Setup 'dff_gen_2[7].dff_inst'
Slack : -1.432
TNS   : -1.432

Type  : Slow 1100mV 85C Model Setup 'dff_gen_1[2].dff_inst'
Slack : -1.430
TNS   : -1.430

Type  : Slow 1100mV 85C Model Setup 'dff_gen_2[3].dff_inst'
Slack : -1.415
TNS   : -1.415

Type  : Slow 1100mV 85C Model Setup 'dff_gen_1[6].dff_inst'
Slack : -1.405
TNS   : -1.405

Type  : Slow 1100mV 85C Model Setup 'dff_gen_1[14].dff_inst'
Slack : -1.382
TNS   : -1.382

Type  : Slow 1100mV 85C Model Setup 'dff_inst2'
Slack : -1.382
TNS   : -1.382

Type  : Slow 1100mV 85C Model Setup 'dff_gen_1[12].dff_inst'
Slack : -1.218
TNS   : -1.218

Type  : Slow 1100mV 85C Model Setup 'dff_gen_2[8].dff_inst'
Slack : -0.506
TNS   : -0.506

Type  : Slow 1100mV 85C Model Hold 'dff_gen_1[12].dff_inst'
Slack : 0.175
TNS   : 0.000

Type  : Slow 1100mV 85C Model Hold 'dff_inst2'
Slack : 0.404
TNS   : 0.000

Type  : Slow 1100mV 85C Model Hold 'dff_gen_2[8].dff_inst'
Slack : 0.421
TNS   : 0.000

Type  : Slow 1100mV 85C Model Hold 'dff_gen_1[14].dff_inst'
Slack : 0.464
TNS   : 0.000

Type  : Slow 1100mV 85C Model Hold 'dff_gen_1[6].dff_inst'
Slack : 0.482
TNS   : 0.000

Type  : Slow 1100mV 85C Model Hold 'dff_gen_1[9].dff_inst'
Slack : 0.520
TNS   : 0.000

Type  : Slow 1100mV 85C Model Hold 'dff_gen_2[6].dff_inst'
Slack : 0.530
TNS   : 0.000

Type  : Slow 1100mV 85C Model Hold 'dff_gen_2[2].dff_inst'
Slack : 0.531
TNS   : 0.000

Type  : Slow 1100mV 85C Model Hold 'dff_gen_2[3].dff_inst'
Slack : 0.531
TNS   : 0.000

Type  : Slow 1100mV 85C Model Hold 'dff_gen_1[2].dff_inst'
Slack : 0.535
TNS   : 0.000

Type  : Slow 1100mV 85C Model Hold 'dff_inst1'
Slack : 0.547
TNS   : 0.000

Type  : Slow 1100mV 85C Model Hold 'dff_gen_1[10].dff_inst'
Slack : 0.550
TNS   : 0.000

Type  : Slow 1100mV 85C Model Hold 'dff_gen_1[1].dff_inst'
Slack : 0.552
TNS   : 0.000

Type  : Slow 1100mV 85C Model Hold 'dff_gen_2[7].dff_inst'
Slack : 0.556
TNS   : 0.000

Type  : Slow 1100mV 85C Model Hold 'dff_gen_1[4].dff_inst'
Slack : 0.580
TNS   : 0.000

Type  : Slow 1100mV 85C Model Hold 'dff_gen_2[4].dff_inst'
Slack : 0.627
TNS   : 0.000

Type  : Slow 1100mV 85C Model Hold 'dff_gen_1[5].dff_inst'
Slack : 0.641
TNS   : 0.000

Type  : Slow 1100mV 85C Model Hold 'dff_gen_1[11].dff_inst'
Slack : 0.649
TNS   : 0.000

Type  : Slow 1100mV 85C Model Hold 'dff_gen_2[5].dff_inst'
Slack : 0.649
TNS   : 0.000

Type  : Slow 1100mV 85C Model Hold 'dff_gen_2[1].dff_inst'
Slack : 0.663
TNS   : 0.000

Type  : Slow 1100mV 85C Model Hold 'dff_gen_1[13].dff_inst'
Slack : 0.666
TNS   : 0.000

Type  : Slow 1100mV 85C Model Hold 'dff_gen_1[8].dff_inst'
Slack : 0.673
TNS   : 0.000

Type  : Slow 1100mV 85C Model Hold 'dff_gen_1[7].dff_inst'
Slack : 0.675
TNS   : 0.000

Type  : Slow 1100mV 85C Model Hold 'clk'
Slack : 0.728
TNS   : 0.000

Type  : Slow 1100mV 85C Model Hold 'dff_gen_1[3].dff_inst'
Slack : 0.729
TNS   : 0.000

Type  : Slow 1100mV 85C Model Hold 'dff_gen_1[15].dff_inst'
Slack : 0.914
TNS   : 0.000

Type  : Slow 1100mV 85C Model Minimum Pulse Width 'clk'
Slack : -0.402
TNS   : -0.796

Type  : Slow 1100mV 85C Model Minimum Pulse Width 'dff_gen_2[1].dff_inst'
Slack : -0.394
TNS   : -0.585

Type  : Slow 1100mV 85C Model Minimum Pulse Width 'dff_gen_1[11].dff_inst'
Slack : -0.394
TNS   : -0.575

Type  : Slow 1100mV 85C Model Minimum Pulse Width 'dff_gen_1[8].dff_inst'
Slack : -0.394
TNS   : -0.537

Type  : Slow 1100mV 85C Model Minimum Pulse Width 'dff_gen_1[15].dff_inst'
Slack : -0.394
TNS   : -0.530

Type  : Slow 1100mV 85C Model Minimum Pulse Width 'dff_gen_1[3].dff_inst'
Slack : -0.394
TNS   : -0.530

Type  : Slow 1100mV 85C Model Minimum Pulse Width 'dff_gen_2[5].dff_inst'
Slack : -0.394
TNS   : -0.527

Type  : Slow 1100mV 85C Model Minimum Pulse Width 'dff_gen_1[1].dff_inst'
Slack : -0.394
TNS   : -0.526

Type  : Slow 1100mV 85C Model Minimum Pulse Width 'dff_gen_1[12].dff_inst'
Slack : -0.394
TNS   : -0.525

Type  : Slow 1100mV 85C Model Minimum Pulse Width 'dff_gen_1[5].dff_inst'
Slack : -0.394
TNS   : -0.524

Type  : Slow 1100mV 85C Model Minimum Pulse Width 'dff_gen_1[7].dff_inst'
Slack : -0.394
TNS   : -0.524

Type  : Slow 1100mV 85C Model Minimum Pulse Width 'dff_gen_1[9].dff_inst'
Slack : -0.394
TNS   : -0.523

Type  : Slow 1100mV 85C Model Minimum Pulse Width 'dff_gen_2[8].dff_inst'
Slack : -0.394
TNS   : -0.513

Type  : Slow 1100mV 85C Model Minimum Pulse Width 'dff_gen_1[14].dff_inst'
Slack : -0.394
TNS   : -0.511

Type  : Slow 1100mV 85C Model Minimum Pulse Width 'dff_inst1'
Slack : -0.394
TNS   : -0.511

Type  : Slow 1100mV 85C Model Minimum Pulse Width 'dff_inst2'
Slack : -0.394
TNS   : -0.511

Type  : Slow 1100mV 85C Model Minimum Pulse Width 'dff_gen_1[10].dff_inst'
Slack : -0.394
TNS   : -0.510

Type  : Slow 1100mV 85C Model Minimum Pulse Width 'dff_gen_1[2].dff_inst'
Slack : -0.394
TNS   : -0.510

Type  : Slow 1100mV 85C Model Minimum Pulse Width 'dff_gen_1[4].dff_inst'
Slack : -0.394
TNS   : -0.510

Type  : Slow 1100mV 85C Model Minimum Pulse Width 'dff_gen_1[6].dff_inst'
Slack : -0.394
TNS   : -0.510

Type  : Slow 1100mV 85C Model Minimum Pulse Width 'dff_gen_2[2].dff_inst'
Slack : -0.394
TNS   : -0.510

Type  : Slow 1100mV 85C Model Minimum Pulse Width 'dff_gen_2[3].dff_inst'
Slack : -0.394
TNS   : -0.510

Type  : Slow 1100mV 85C Model Minimum Pulse Width 'dff_gen_2[4].dff_inst'
Slack : -0.394
TNS   : -0.510

Type  : Slow 1100mV 85C Model Minimum Pulse Width 'dff_gen_2[6].dff_inst'
Slack : -0.394
TNS   : -0.510

Type  : Slow 1100mV 85C Model Minimum Pulse Width 'dff_gen_1[13].dff_inst'
Slack : -0.394
TNS   : -0.509

Type  : Slow 1100mV 85C Model Minimum Pulse Width 'dff_gen_2[7].dff_inst'
Slack : -0.394
TNS   : -0.508

Type  : Slow 1100mV 0C Model Setup 'clk'
Slack : -2.263
TNS   : -2.263

Type  : Slow 1100mV 0C Model Setup 'dff_gen_1[15].dff_inst'
Slack : -2.063
TNS   : -2.063

Type  : Slow 1100mV 0C Model Setup 'dff_gen_1[11].dff_inst'
Slack : -1.987
TNS   : -1.987

Type  : Slow 1100mV 0C Model Setup 'dff_gen_1[8].dff_inst'
Slack : -1.772
TNS   : -1.772

Type  : Slow 1100mV 0C Model Setup 'dff_gen_2[1].dff_inst'
Slack : -1.771
TNS   : -1.771

Type  : Slow 1100mV 0C Model Setup 'dff_gen_1[3].dff_inst'
Slack : -1.762
TNS   : -1.762

Type  : Slow 1100mV 0C Model Setup 'dff_gen_2[5].dff_inst'
Slack : -1.689
TNS   : -1.689

Type  : Slow 1100mV 0C Model Setup 'dff_gen_1[5].dff_inst'
Slack : -1.676
TNS   : -1.676

Type  : Slow 1100mV 0C Model Setup 'dff_gen_1[7].dff_inst'
Slack : -1.664
TNS   : -1.664

Type  : Slow 1100mV 0C Model Setup 'dff_gen_2[4].dff_inst'
Slack : -1.636
TNS   : -1.636

Type  : Slow 1100mV 0C Model Setup 'dff_gen_1[13].dff_inst'
Slack : -1.585
TNS   : -1.585

Type  : Slow 1100mV 0C Model Setup 'dff_inst1'
Slack : -1.576
TNS   : -1.576

Type  : Slow 1100mV 0C Model Setup 'dff_gen_1[4].dff_inst'
Slack : -1.568
TNS   : -1.568

Type  : Slow 1100mV 0C Model Setup 'dff_gen_1[9].dff_inst'
Slack : -1.539
TNS   : -1.539

Type  : Slow 1100mV 0C Model Setup 'dff_gen_1[1].dff_inst'
Slack : -1.538
TNS   : -1.538

Type  : Slow 1100mV 0C Model Setup 'dff_gen_2[2].dff_inst'
Slack : -1.530
TNS   : -1.530

Type  : Slow 1100mV 0C Model Setup 'dff_gen_1[10].dff_inst'
Slack : -1.523
TNS   : -1.523

Type  : Slow 1100mV 0C Model Setup 'dff_gen_1[2].dff_inst'
Slack : -1.521
TNS   : -1.521

Type  : Slow 1100mV 0C Model Setup 'dff_gen_2[6].dff_inst'
Slack : -1.509
TNS   : -1.509

Type  : Slow 1100mV 0C Model Setup 'dff_gen_1[6].dff_inst'
Slack : -1.496
TNS   : -1.496

Type  : Slow 1100mV 0C Model Setup 'dff_gen_1[14].dff_inst'
Slack : -1.455
TNS   : -1.455

Type  : Slow 1100mV 0C Model Setup 'dff_inst2'
Slack : -1.454
TNS   : -1.454

Type  : Slow 1100mV 0C Model Setup 'dff_gen_2[7].dff_inst'
Slack : -1.452
TNS   : -1.452

Type  : Slow 1100mV 0C Model Setup 'dff_gen_2[3].dff_inst'
Slack : -1.441
TNS   : -1.441

Type  : Slow 1100mV 0C Model Setup 'dff_gen_1[12].dff_inst'
Slack : -1.313
TNS   : -1.313

Type  : Slow 1100mV 0C Model Setup 'dff_gen_2[8].dff_inst'
Slack : -0.470
TNS   : -0.470

Type  : Slow 1100mV 0C Model Hold 'dff_gen_1[12].dff_inst'
Slack : 0.279
TNS   : 0.000

Type  : Slow 1100mV 0C Model Hold 'dff_gen_2[8].dff_inst'
Slack : 0.380
TNS   : 0.000

Type  : Slow 1100mV 0C Model Hold 'dff_inst2'
Slack : 0.483
TNS   : 0.000

Type  : Slow 1100mV 0C Model Hold 'dff_gen_1[9].dff_inst'
Slack : 0.517
TNS   : 0.000

Type  : Slow 1100mV 0C Model Hold 'dff_gen_1[14].dff_inst'
Slack : 0.550
TNS   : 0.000

Type  : Slow 1100mV 0C Model Hold 'dff_gen_1[6].dff_inst'
Slack : 0.560
TNS   : 0.000

Type  : Slow 1100mV 0C Model Hold 'dff_gen_1[1].dff_inst'
Slack : 0.565
TNS   : 0.000

Type  : Slow 1100mV 0C Model Hold 'dff_gen_2[3].dff_inst'
Slack : 0.573
TNS   : 0.000

Type  : Slow 1100mV 0C Model Hold 'dff_gen_2[2].dff_inst'
Slack : 0.596
TNS   : 0.000

Type  : Slow 1100mV 0C Model Hold 'dff_gen_2[7].dff_inst'
Slack : 0.597
TNS   : 0.000

Type  : Slow 1100mV 0C Model Hold 'dff_gen_2[6].dff_inst'
Slack : 0.612
TNS   : 0.000

Type  : Slow 1100mV 0C Model Hold 'dff_gen_1[2].dff_inst'
Slack : 0.621
TNS   : 0.000

Type  : Slow 1100mV 0C Model Hold 'dff_inst1'
Slack : 0.623
TNS   : 0.000

Type  : Slow 1100mV 0C Model Hold 'dff_gen_1[10].dff_inst'
Slack : 0.624
TNS   : 0.000

Type  : Slow 1100mV 0C Model Hold 'dff_gen_1[4].dff_inst'
Slack : 0.654
TNS   : 0.000

Type  : Slow 1100mV 0C Model Hold 'dff_gen_1[7].dff_inst'
Slack : 0.665
TNS   : 0.000

Type  : Slow 1100mV 0C Model Hold 'dff_gen_1[5].dff_inst'
Slack : 0.670
TNS   : 0.000

Type  : Slow 1100mV 0C Model Hold 'dff_gen_2[5].dff_inst'
Slack : 0.670
TNS   : 0.000

Type  : Slow 1100mV 0C Model Hold 'dff_gen_2[1].dff_inst'
Slack : 0.686
TNS   : 0.000

Type  : Slow 1100mV 0C Model Hold 'dff_gen_1[11].dff_inst'
Slack : 0.687
TNS   : 0.000

Type  : Slow 1100mV 0C Model Hold 'clk'
Slack : 0.688
TNS   : 0.000

Type  : Slow 1100mV 0C Model Hold 'dff_gen_2[4].dff_inst'
Slack : 0.695
TNS   : 0.000

Type  : Slow 1100mV 0C Model Hold 'dff_gen_1[13].dff_inst'
Slack : 0.703
TNS   : 0.000

Type  : Slow 1100mV 0C Model Hold 'dff_gen_1[8].dff_inst'
Slack : 0.714
TNS   : 0.000

Type  : Slow 1100mV 0C Model Hold 'dff_gen_1[3].dff_inst'
Slack : 0.729
TNS   : 0.000

Type  : Slow 1100mV 0C Model Hold 'dff_gen_1[15].dff_inst'
Slack : 0.983
TNS   : 0.000

Type  : Slow 1100mV 0C Model Minimum Pulse Width 'clk'
Slack : -0.394
TNS   : -0.776

Type  : Slow 1100mV 0C Model Minimum Pulse Width 'dff_gen_1[11].dff_inst'
Slack : -0.394
TNS   : -0.563

Type  : Slow 1100mV 0C Model Minimum Pulse Width 'dff_gen_2[1].dff_inst'
Slack : -0.394
TNS   : -0.555

Type  : Slow 1100mV 0C Model Minimum Pulse Width 'dff_gen_1[8].dff_inst'
Slack : -0.394
TNS   : -0.536

Type  : Slow 1100mV 0C Model Minimum Pulse Width 'dff_gen_1[15].dff_inst'
Slack : -0.394
TNS   : -0.524

Type  : Slow 1100mV 0C Model Minimum Pulse Width 'dff_gen_1[3].dff_inst'
Slack : -0.394
TNS   : -0.524

Type  : Slow 1100mV 0C Model Minimum Pulse Width 'dff_gen_1[12].dff_inst'
Slack : -0.394
TNS   : -0.520

Type  : Slow 1100mV 0C Model Minimum Pulse Width 'dff_gen_2[8].dff_inst'
Slack : -0.394
TNS   : -0.520

Type  : Slow 1100mV 0C Model Minimum Pulse Width 'dff_gen_1[14].dff_inst'
Slack : -0.394
TNS   : -0.516

Type  : Slow 1100mV 0C Model Minimum Pulse Width 'dff_gen_1[1].dff_inst'
Slack : -0.394
TNS   : -0.516

Type  : Slow 1100mV 0C Model Minimum Pulse Width 'dff_gen_2[5].dff_inst'
Slack : -0.394
TNS   : -0.516

Type  : Slow 1100mV 0C Model Minimum Pulse Width 'dff_inst2'
Slack : -0.394
TNS   : -0.516

Type  : Slow 1100mV 0C Model Minimum Pulse Width 'dff_gen_1[10].dff_inst'
Slack : -0.394
TNS   : -0.514

Type  : Slow 1100mV 0C Model Minimum Pulse Width 'dff_gen_1[2].dff_inst'
Slack : -0.394
TNS   : -0.514

Type  : Slow 1100mV 0C Model Minimum Pulse Width 'dff_gen_1[5].dff_inst'
Slack : -0.394
TNS   : -0.514

Type  : Slow 1100mV 0C Model Minimum Pulse Width 'dff_gen_1[6].dff_inst'
Slack : -0.394
TNS   : -0.514

Type  : Slow 1100mV 0C Model Minimum Pulse Width 'dff_gen_1[7].dff_inst'
Slack : -0.394
TNS   : -0.514

Type  : Slow 1100mV 0C Model Minimum Pulse Width 'dff_gen_1[9].dff_inst'
Slack : -0.394
TNS   : -0.514

Type  : Slow 1100mV 0C Model Minimum Pulse Width 'dff_gen_2[6].dff_inst'
Slack : -0.394
TNS   : -0.514

Type  : Slow 1100mV 0C Model Minimum Pulse Width 'dff_gen_2[4].dff_inst'
Slack : -0.394
TNS   : -0.513

Type  : Slow 1100mV 0C Model Minimum Pulse Width 'dff_inst1'
Slack : -0.394
TNS   : -0.513

Type  : Slow 1100mV 0C Model Minimum Pulse Width 'dff_gen_1[4].dff_inst'
Slack : -0.394
TNS   : -0.512

Type  : Slow 1100mV 0C Model Minimum Pulse Width 'dff_gen_2[2].dff_inst'
Slack : -0.394
TNS   : -0.512

Type  : Slow 1100mV 0C Model Minimum Pulse Width 'dff_gen_2[3].dff_inst'
Slack : -0.394
TNS   : -0.512

Type  : Slow 1100mV 0C Model Minimum Pulse Width 'dff_gen_1[13].dff_inst'
Slack : -0.394
TNS   : -0.511

Type  : Slow 1100mV 0C Model Minimum Pulse Width 'dff_gen_2[7].dff_inst'
Slack : -0.394
TNS   : -0.511

Type  : Fast 1100mV 85C Model Setup 'clk'
Slack : -1.803
TNS   : -1.803

Type  : Fast 1100mV 85C Model Setup 'dff_gen_1[3].dff_inst'
Slack : -1.238
TNS   : -1.238

Type  : Fast 1100mV 85C Model Setup 'dff_gen_1[7].dff_inst'
Slack : -1.208
TNS   : -1.208

Type  : Fast 1100mV 85C Model Setup 'dff_gen_1[11].dff_inst'
Slack : -1.187
TNS   : -1.187

Type  : Fast 1100mV 85C Model Setup 'dff_gen_1[8].dff_inst'
Slack : -1.153
TNS   : -1.153

Type  : Fast 1100mV 85C Model Setup 'dff_gen_1[15].dff_inst'
Slack : -1.127
TNS   : -1.127

Type  : Fast 1100mV 85C Model Setup 'dff_gen_1[5].dff_inst'
Slack : -1.125
TNS   : -1.125

Type  : Fast 1100mV 85C Model Setup 'dff_gen_2[5].dff_inst'
Slack : -1.116
TNS   : -1.116

Type  : Fast 1100mV 85C Model Setup 'dff_gen_1[9].dff_inst'
Slack : -1.057
TNS   : -1.057

Type  : Fast 1100mV 85C Model Setup 'dff_gen_1[1].dff_inst'
Slack : -1.054
TNS   : -1.054

Type  : Fast 1100mV 85C Model Setup 'dff_gen_2[1].dff_inst'
Slack : -1.037
TNS   : -1.037

Type  : Fast 1100mV 85C Model Setup 'dff_gen_1[13].dff_inst'
Slack : -0.885
TNS   : -0.885

Type  : Fast 1100mV 85C Model Setup 'dff_gen_2[7].dff_inst'
Slack : -0.853
TNS   : -0.853

Type  : Fast 1100mV 85C Model Setup 'dff_gen_2[4].dff_inst'
Slack : -0.820
TNS   : -0.820

Type  : Fast 1100mV 85C Model Setup 'dff_gen_2[3].dff_inst'
Slack : -0.803
TNS   : -0.803

Type  : Fast 1100mV 85C Model Setup 'dff_inst1'
Slack : -0.794
TNS   : -0.794

Type  : Fast 1100mV 85C Model Setup 'dff_gen_1[4].dff_inst'
Slack : -0.787
TNS   : -0.787

Type  : Fast 1100mV 85C Model Setup 'dff_gen_1[2].dff_inst'
Slack : -0.761
TNS   : -0.761

Type  : Fast 1100mV 85C Model Setup 'dff_gen_1[10].dff_inst'
Slack : -0.749
TNS   : -0.749

Type  : Fast 1100mV 85C Model Setup 'dff_gen_2[2].dff_inst'
Slack : -0.746
TNS   : -0.746

Type  : Fast 1100mV 85C Model Setup 'dff_gen_1[6].dff_inst'
Slack : -0.734
TNS   : -0.734

Type  : Fast 1100mV 85C Model Setup 'dff_gen_2[6].dff_inst'
Slack : -0.732
TNS   : -0.732

Type  : Fast 1100mV 85C Model Setup 'dff_gen_1[14].dff_inst'
Slack : -0.715
TNS   : -0.715

Type  : Fast 1100mV 85C Model Setup 'dff_inst2'
Slack : -0.706
TNS   : -0.706

Type  : Fast 1100mV 85C Model Setup 'dff_gen_1[12].dff_inst'
Slack : -0.626
TNS   : -0.626

Type  : Fast 1100mV 85C Model Setup 'dff_gen_2[8].dff_inst'
Slack : -0.069
TNS   : -0.069

Type  : Fast 1100mV 85C Model Hold 'dff_gen_1[12].dff_inst'
Slack : -0.082
TNS   : -0.082

Type  : Fast 1100mV 85C Model Hold 'dff_inst2'
Slack : 0.028
TNS   : 0.000

Type  : Fast 1100mV 85C Model Hold 'dff_gen_1[14].dff_inst'
Slack : 0.070
TNS   : 0.000

Type  : Fast 1100mV 85C Model Hold 'dff_gen_1[6].dff_inst'
Slack : 0.088
TNS   : 0.000

Type  : Fast 1100mV 85C Model Hold 'dff_gen_2[2].dff_inst'
Slack : 0.093
TNS   : 0.000

Type  : Fast 1100mV 85C Model Hold 'dff_gen_2[6].dff_inst'
Slack : 0.098
TNS   : 0.000

Type  : Fast 1100mV 85C Model Hold 'dff_gen_1[10].dff_inst'
Slack : 0.119
TNS   : 0.000

Type  : Fast 1100mV 85C Model Hold 'dff_gen_1[2].dff_inst'
Slack : 0.130
TNS   : 0.000

Type  : Fast 1100mV 85C Model Hold 'dff_inst1'
Slack : 0.134
TNS   : 0.000

Type  : Fast 1100mV 85C Model Hold 'dff_gen_1[4].dff_inst'
Slack : 0.139
TNS   : 0.000

Type  : Fast 1100mV 85C Model Hold 'dff_gen_2[4].dff_inst'
Slack : 0.165
TNS   : 0.000

Type  : Fast 1100mV 85C Model Hold 'dff_gen_2[8].dff_inst'
Slack : 0.194
TNS   : 0.000

Type  : Fast 1100mV 85C Model Hold 'dff_gen_2[3].dff_inst'
Slack : 0.196
TNS   : 0.000

Type  : Fast 1100mV 85C Model Hold 'dff_gen_2[7].dff_inst'
Slack : 0.246
TNS   : 0.000

Type  : Fast 1100mV 85C Model Hold 'dff_gen_1[11].dff_inst'
Slack : 0.249
TNS   : 0.000

Type  : Fast 1100mV 85C Model Hold 'dff_gen_2[1].dff_inst'
Slack : 0.289
TNS   : 0.000

Type  : Fast 1100mV 85C Model Hold 'dff_gen_1[9].dff_inst'
Slack : 0.290
TNS   : 0.000

Type  : Fast 1100mV 85C Model Hold 'dff_gen_1[13].dff_inst'
Slack : 0.299
TNS   : 0.000

Type  : Fast 1100mV 85C Model Hold 'dff_gen_1[1].dff_inst'
Slack : 0.303
TNS   : 0.000

Type  : Fast 1100mV 85C Model Hold 'dff_gen_1[5].dff_inst'
Slack : 0.372
TNS   : 0.000

Type  : Fast 1100mV 85C Model Hold 'dff_gen_1[8].dff_inst'
Slack : 0.372
TNS   : 0.000

Type  : Fast 1100mV 85C Model Hold 'dff_gen_2[5].dff_inst'
Slack : 0.375
TNS   : 0.000

Type  : Fast 1100mV 85C Model Hold 'dff_gen_1[15].dff_inst'
Slack : 0.396
TNS   : 0.000

Type  : Fast 1100mV 85C Model Hold 'dff_gen_1[7].dff_inst'
Slack : 0.435
TNS   : 0.000

Type  : Fast 1100mV 85C Model Hold 'dff_gen_1[3].dff_inst'
Slack : 0.489
TNS   : 0.000

Type  : Fast 1100mV 85C Model Hold 'clk'
Slack : 0.737
TNS   : 0.000

Type  : Fast 1100mV 85C Model Minimum Pulse Width 'clk'
Slack : -0.381
TNS   : -0.410

Type  : Fast 1100mV 85C Model Minimum Pulse Width 'dff_gen_2[1].dff_inst'
Slack : 0.030
TNS   : 0.000

Type  : Fast 1100mV 85C Model Minimum Pulse Width 'dff_gen_1[8].dff_inst'
Slack : 0.073
TNS   : 0.000

Type  : Fast 1100mV 85C Model Minimum Pulse Width 'dff_gen_1[15].dff_inst'
Slack : 0.099
TNS   : 0.000

Type  : Fast 1100mV 85C Model Minimum Pulse Width 'dff_gen_1[11].dff_inst'
Slack : 0.100
TNS   : 0.000

Type  : Fast 1100mV 85C Model Minimum Pulse Width 'dff_gen_2[8].dff_inst'
Slack : 0.128
TNS   : 0.000

Type  : Fast 1100mV 85C Model Minimum Pulse Width 'dff_gen_1[14].dff_inst'
Slack : 0.130
TNS   : 0.000

Type  : Fast 1100mV 85C Model Minimum Pulse Width 'dff_inst2'
Slack : 0.130
TNS   : 0.000

Type  : Fast 1100mV 85C Model Minimum Pulse Width 'dff_gen_1[3].dff_inst'
Slack : 0.131
TNS   : 0.000

Type  : Fast 1100mV 85C Model Minimum Pulse Width 'dff_gen_2[5].dff_inst'
Slack : 0.134
TNS   : 0.000

Type  : Fast 1100mV 85C Model Minimum Pulse Width 'dff_gen_1[1].dff_inst'
Slack : 0.140
TNS   : 0.000

Type  : Fast 1100mV 85C Model Minimum Pulse Width 'dff_gen_1[9].dff_inst'
Slack : 0.140
TNS   : 0.000

Type  : Fast 1100mV 85C Model Minimum Pulse Width 'dff_gen_2[4].dff_inst'
Slack : 0.143
TNS   : 0.000

Type  : Fast 1100mV 85C Model Minimum Pulse Width 'dff_gen_1[5].dff_inst'
Slack : 0.145
TNS   : 0.000

Type  : Fast 1100mV 85C Model Minimum Pulse Width 'dff_gen_2[2].dff_inst'
Slack : 0.145
TNS   : 0.000

Type  : Fast 1100mV 85C Model Minimum Pulse Width 'dff_inst1'
Slack : 0.145
TNS   : 0.000

Type  : Fast 1100mV 85C Model Minimum Pulse Width 'dff_gen_1[12].dff_inst'
Slack : 0.146
TNS   : 0.000

Type  : Fast 1100mV 85C Model Minimum Pulse Width 'dff_gen_1[6].dff_inst'
Slack : 0.146
TNS   : 0.000

Type  : Fast 1100mV 85C Model Minimum Pulse Width 'dff_gen_1[10].dff_inst'
Slack : 0.147
TNS   : 0.000

Type  : Fast 1100mV 85C Model Minimum Pulse Width 'dff_gen_2[3].dff_inst'
Slack : 0.147
TNS   : 0.000

Type  : Fast 1100mV 85C Model Minimum Pulse Width 'dff_gen_2[6].dff_inst'
Slack : 0.147
TNS   : 0.000

Type  : Fast 1100mV 85C Model Minimum Pulse Width 'dff_gen_1[2].dff_inst'
Slack : 0.148
TNS   : 0.000

Type  : Fast 1100mV 85C Model Minimum Pulse Width 'dff_gen_1[4].dff_inst'
Slack : 0.151
TNS   : 0.000

Type  : Fast 1100mV 85C Model Minimum Pulse Width 'dff_gen_1[7].dff_inst'
Slack : 0.151
TNS   : 0.000

Type  : Fast 1100mV 85C Model Minimum Pulse Width 'dff_gen_1[13].dff_inst'
Slack : 0.160
TNS   : 0.000

Type  : Fast 1100mV 85C Model Minimum Pulse Width 'dff_gen_2[7].dff_inst'
Slack : 0.163
TNS   : 0.000

Type  : Fast 1100mV 0C Model Setup 'clk'
Slack : -1.478
TNS   : -1.478

Type  : Fast 1100mV 0C Model Setup 'dff_gen_1[3].dff_inst'
Slack : -1.100
TNS   : -1.100

Type  : Fast 1100mV 0C Model Setup 'dff_gen_1[11].dff_inst'
Slack : -1.079
TNS   : -1.079

Type  : Fast 1100mV 0C Model Setup 'dff_gen_1[7].dff_inst'
Slack : -1.068
TNS   : -1.068

Type  : Fast 1100mV 0C Model Setup 'dff_gen_1[15].dff_inst'
Slack : -1.049
TNS   : -1.049

Type  : Fast 1100mV 0C Model Setup 'dff_gen_1[8].dff_inst'
Slack : -1.035
TNS   : -1.035

Type  : Fast 1100mV 0C Model Setup 'dff_gen_1[5].dff_inst'
Slack : -1.007
TNS   : -1.007

Type  : Fast 1100mV 0C Model Setup 'dff_gen_2[5].dff_inst'
Slack : -1.005
TNS   : -1.005

Type  : Fast 1100mV 0C Model Setup 'dff_gen_1[9].dff_inst'
Slack : -0.946
TNS   : -0.946

Type  : Fast 1100mV 0C Model Setup 'dff_gen_2[1].dff_inst'
Slack : -0.945
TNS   : -0.945

Type  : Fast 1100mV 0C Model Setup 'dff_gen_1[1].dff_inst'
Slack : -0.933
TNS   : -0.933

Type  : Fast 1100mV 0C Model Setup 'dff_gen_1[13].dff_inst'
Slack : -0.821
TNS   : -0.821

Type  : Fast 1100mV 0C Model Setup 'dff_gen_2[7].dff_inst'
Slack : -0.780
TNS   : -0.780

Type  : Fast 1100mV 0C Model Setup 'dff_gen_2[4].dff_inst'
Slack : -0.777
TNS   : -0.777

Type  : Fast 1100mV 0C Model Setup 'dff_inst1'
Slack : -0.759
TNS   : -0.759

Type  : Fast 1100mV 0C Model Setup 'dff_gen_1[4].dff_inst'
Slack : -0.744
TNS   : -0.744

Type  : Fast 1100mV 0C Model Setup 'dff_gen_2[3].dff_inst'
Slack : -0.738
TNS   : -0.738

Type  : Fast 1100mV 0C Model Setup 'dff_gen_1[2].dff_inst'
Slack : -0.727
TNS   : -0.727

Type  : Fast 1100mV 0C Model Setup 'dff_gen_1[10].dff_inst'
Slack : -0.713
TNS   : -0.713

Type  : Fast 1100mV 0C Model Setup 'dff_gen_2[2].dff_inst'
Slack : -0.711
TNS   : -0.711

Type  : Fast 1100mV 0C Model Setup 'dff_gen_1[6].dff_inst'
Slack : -0.708
TNS   : -0.708

Type  : Fast 1100mV 0C Model Setup 'dff_gen_2[6].dff_inst'
Slack : -0.697
TNS   : -0.697

Type  : Fast 1100mV 0C Model Setup 'dff_gen_1[14].dff_inst'
Slack : -0.682
TNS   : -0.682

Type  : Fast 1100mV 0C Model Setup 'dff_inst2'
Slack : -0.673
TNS   : -0.673

Type  : Fast 1100mV 0C Model Setup 'dff_gen_1[12].dff_inst'
Slack : -0.605
TNS   : -0.605

Type  : Fast 1100mV 0C Model Setup 'dff_gen_2[8].dff_inst'
Slack : -0.023
TNS   : -0.023

Type  : Fast 1100mV 0C Model Hold 'dff_gen_1[12].dff_inst'
Slack : -0.074
TNS   : -0.074

Type  : Fast 1100mV 0C Model Hold 'dff_inst2'
Slack : 0.024
TNS   : 0.000

Type  : Fast 1100mV 0C Model Hold 'dff_gen_1[14].dff_inst'
Slack : 0.060
TNS   : 0.000

Type  : Fast 1100mV 0C Model Hold 'dff_gen_1[6].dff_inst'
Slack : 0.072
TNS   : 0.000

Type  : Fast 1100mV 0C Model Hold 'dff_gen_2[2].dff_inst'
Slack : 0.076
TNS   : 0.000

Type  : Fast 1100mV 0C Model Hold 'dff_gen_2[6].dff_inst'
Slack : 0.084
TNS   : 0.000

Type  : Fast 1100mV 0C Model Hold 'dff_gen_1[10].dff_inst'
Slack : 0.099
TNS   : 0.000

Type  : Fast 1100mV 0C Model Hold 'dff_gen_1[2].dff_inst'
Slack : 0.111
TNS   : 0.000

Type  : Fast 1100mV 0C Model Hold 'dff_inst1'
Slack : 0.112
TNS   : 0.000

Type  : Fast 1100mV 0C Model Hold 'dff_gen_1[4].dff_inst'
Slack : 0.116
TNS   : 0.000

Type  : Fast 1100mV 0C Model Hold 'dff_gen_2[4].dff_inst'
Slack : 0.137
TNS   : 0.000

Type  : Fast 1100mV 0C Model Hold 'dff_gen_2[3].dff_inst'
Slack : 0.148
TNS   : 0.000

Type  : Fast 1100mV 0C Model Hold 'dff_gen_2[8].dff_inst'
Slack : 0.161
TNS   : 0.000

Type  : Fast 1100mV 0C Model Hold 'dff_gen_1[11].dff_inst'
Slack : 0.192
TNS   : 0.000

Type  : Fast 1100mV 0C Model Hold 'dff_gen_2[7].dff_inst'
Slack : 0.194
TNS   : 0.000

Type  : Fast 1100mV 0C Model Hold 'dff_gen_1[9].dff_inst'
Slack : 0.212
TNS   : 0.000

Type  : Fast 1100mV 0C Model Hold 'dff_gen_2[1].dff_inst'
Slack : 0.232
TNS   : 0.000

Type  : Fast 1100mV 0C Model Hold 'dff_gen_1[1].dff_inst'
Slack : 0.235
TNS   : 0.000

Type  : Fast 1100mV 0C Model Hold 'dff_gen_1[13].dff_inst'
Slack : 0.248
TNS   : 0.000

Type  : Fast 1100mV 0C Model Hold 'dff_gen_2[5].dff_inst'
Slack : 0.304
TNS   : 0.000

Type  : Fast 1100mV 0C Model Hold 'dff_gen_1[5].dff_inst'
Slack : 0.305
TNS   : 0.000

Type  : Fast 1100mV 0C Model Hold 'dff_gen_1[8].dff_inst'
Slack : 0.308
TNS   : 0.000

Type  : Fast 1100mV 0C Model Hold 'dff_gen_1[15].dff_inst'
Slack : 0.341
TNS   : 0.000

Type  : Fast 1100mV 0C Model Hold 'dff_gen_1[7].dff_inst'
Slack : 0.342
TNS   : 0.000

Type  : Fast 1100mV 0C Model Hold 'dff_gen_1[3].dff_inst'
Slack : 0.399
TNS   : 0.000

Type  : Fast 1100mV 0C Model Hold 'clk'
Slack : 0.484
TNS   : 0.000

Type  : Fast 1100mV 0C Model Minimum Pulse Width 'clk'
Slack : -0.365
TNS   : -0.388

Type  : Fast 1100mV 0C Model Minimum Pulse Width 'dff_gen_2[1].dff_inst'
Slack : 0.072
TNS   : 0.000

Type  : Fast 1100mV 0C Model Minimum Pulse Width 'dff_gen_1[8].dff_inst'
Slack : 0.091
TNS   : 0.000

Type  : Fast 1100mV 0C Model Minimum Pulse Width 'dff_gen_1[11].dff_inst'
Slack : 0.098
TNS   : 0.000

Type  : Fast 1100mV 0C Model Minimum Pulse Width 'dff_gen_1[15].dff_inst'
Slack : 0.109
TNS   : 0.000

Type  : Fast 1100mV 0C Model Minimum Pulse Width 'dff_gen_2[8].dff_inst'
Slack : 0.130
TNS   : 0.000

Type  : Fast 1100mV 0C Model Minimum Pulse Width 'dff_gen_1[14].dff_inst'
Slack : 0.131
TNS   : 0.000

Type  : Fast 1100mV 0C Model Minimum Pulse Width 'dff_inst2'
Slack : 0.131
TNS   : 0.000

Type  : Fast 1100mV 0C Model Minimum Pulse Width 'dff_gen_1[3].dff_inst'
Slack : 0.143
TNS   : 0.000

Type  : Fast 1100mV 0C Model Minimum Pulse Width 'dff_gen_2[4].dff_inst'
Slack : 0.145
TNS   : 0.000

Type  : Fast 1100mV 0C Model Minimum Pulse Width 'dff_gen_2[5].dff_inst'
Slack : 0.145
TNS   : 0.000

Type  : Fast 1100mV 0C Model Minimum Pulse Width 'dff_gen_1[6].dff_inst'
Slack : 0.146
TNS   : 0.000

Type  : Fast 1100mV 0C Model Minimum Pulse Width 'dff_gen_2[3].dff_inst'
Slack : 0.146
TNS   : 0.000

Type  : Fast 1100mV 0C Model Minimum Pulse Width 'dff_gen_2[2].dff_inst'
Slack : 0.147
TNS   : 0.000

Type  : Fast 1100mV 0C Model Minimum Pulse Width 'dff_inst1'
Slack : 0.147
TNS   : 0.000

Type  : Fast 1100mV 0C Model Minimum Pulse Width 'dff_gen_1[2].dff_inst'
Slack : 0.148
TNS   : 0.000

Type  : Fast 1100mV 0C Model Minimum Pulse Width 'dff_gen_1[9].dff_inst'
Slack : 0.148
TNS   : 0.000

Type  : Fast 1100mV 0C Model Minimum Pulse Width 'dff_gen_1[10].dff_inst'
Slack : 0.149
TNS   : 0.000

Type  : Fast 1100mV 0C Model Minimum Pulse Width 'dff_gen_1[1].dff_inst'
Slack : 0.149
TNS   : 0.000

Type  : Fast 1100mV 0C Model Minimum Pulse Width 'dff_gen_2[6].dff_inst'
Slack : 0.149
TNS   : 0.000

Type  : Fast 1100mV 0C Model Minimum Pulse Width 'dff_gen_1[4].dff_inst'
Slack : 0.150
TNS   : 0.000

Type  : Fast 1100mV 0C Model Minimum Pulse Width 'dff_gen_1[12].dff_inst'
Slack : 0.152
TNS   : 0.000

Type  : Fast 1100mV 0C Model Minimum Pulse Width 'dff_gen_1[5].dff_inst'
Slack : 0.153
TNS   : 0.000

Type  : Fast 1100mV 0C Model Minimum Pulse Width 'dff_gen_1[7].dff_inst'
Slack : 0.156
TNS   : 0.000

Type  : Fast 1100mV 0C Model Minimum Pulse Width 'dff_gen_1[13].dff_inst'
Slack : 0.161
TNS   : 0.000

Type  : Fast 1100mV 0C Model Minimum Pulse Width 'dff_gen_2[7].dff_inst'
Slack : 0.162
TNS   : 0.000

------------------------------------------------------------
